// Jest Snapshot v1, https://goo.gl/fbAQLP

exports[`<AssetTile /> should contain Poster element 1`] = `
ShallowWrapper {
  "length": 1,
  Symbol(enzyme.__root__): [Circular],
  Symbol(enzyme.__unrendered__): <AssetTile
    asset={
      Object {
        "genres": Array [
          "genre1",
          "genre2",
        ],
        "poster_path": "poster_path",
        "release_date": "2017-06-06",
      }
    }
    showMovieDetails={[Function]}
    store={
      Object {
        "clearActions": [Function],
        "dispatch": [Function],
        "getActions": [Function],
        "getState": [Function],
        "replaceReducer": [Function],
        "subscribe": [Function],
      }
    }
  />,
  Symbol(enzyme.__renderer__): Object {
    "batchedUpdates": [Function],
    "getNode": [Function],
    "render": [Function],
    "simulateEvent": [Function],
    "unmount": [Function],
  },
  Symbol(enzyme.__node__): Object {
    "instance": null,
    "key": undefined,
    "nodeType": "host",
    "props": Object {
      "children": Array [
        <Poster
          imgUrl="poster_path"
          posterSize="poster-medium"
        />,
        <div
          className="asset-info"
        >
          <div>
            <p
              className="title"
              onClick={[Function]}
            />
            <p
              className="genre"
            >
              genre1
            </p>
          </div>
          <p
            className="year"
          >
            2017
          </p>
        </div>,
      ],
      "className": "asset-tile",
    },
    "ref": null,
    "rendered": Array [
      Object {
        "instance": null,
        "key": undefined,
        "nodeType": "function",
        "props": Object {
          "imgUrl": "poster_path",
          "posterSize": "poster-medium",
        },
        "ref": null,
        "rendered": null,
        "type": [Function],
      },
      Object {
        "instance": null,
        "key": undefined,
        "nodeType": "host",
        "props": Object {
          "children": Array [
            <div>
              <p
                className="title"
                onClick={[Function]}
              />
              <p
                className="genre"
              >
                genre1
              </p>
            </div>,
            <p
              className="year"
            >
              2017
            </p>,
          ],
          "className": "asset-info",
        },
        "ref": null,
        "rendered": Array [
          Object {
            "instance": null,
            "key": undefined,
            "nodeType": "host",
            "props": Object {
              "children": Array [
                <p
                  className="title"
                  onClick={[Function]}
                />,
                <p
                  className="genre"
                >
                  genre1
                </p>,
              ],
            },
            "ref": null,
            "rendered": Array [
              Object {
                "instance": null,
                "key": undefined,
                "nodeType": "host",
                "props": Object {
                  "children": undefined,
                  "className": "title",
                  "onClick": [Function],
                },
                "ref": null,
                "rendered": null,
                "type": "p",
              },
              Object {
                "instance": null,
                "key": undefined,
                "nodeType": "host",
                "props": Object {
                  "children": "genre1",
                  "className": "genre",
                },
                "ref": null,
                "rendered": "genre1",
                "type": "p",
              },
            ],
            "type": "div",
          },
          Object {
            "instance": null,
            "key": undefined,
            "nodeType": "host",
            "props": Object {
              "children": 2017,
              "className": "year",
            },
            "ref": null,
            "rendered": 2017,
            "type": "p",
          },
        ],
        "type": "div",
      },
    ],
    "type": "div",
  },
  Symbol(enzyme.__nodes__): Array [
    Object {
      "instance": null,
      "key": undefined,
      "nodeType": "host",
      "props": Object {
        "children": Array [
          <Poster
            imgUrl="poster_path"
            posterSize="poster-medium"
          />,
          <div
            className="asset-info"
          >
            <div>
              <p
                className="title"
                onClick={[Function]}
              />
              <p
                className="genre"
              >
                genre1
              </p>
            </div>
            <p
              className="year"
            >
              2017
            </p>
          </div>,
        ],
        "className": "asset-tile",
      },
      "ref": null,
      "rendered": Array [
        Object {
          "instance": null,
          "key": undefined,
          "nodeType": "function",
          "props": Object {
            "imgUrl": "poster_path",
            "posterSize": "poster-medium",
          },
          "ref": null,
          "rendered": null,
          "type": [Function],
        },
        Object {
          "instance": null,
          "key": undefined,
          "nodeType": "host",
          "props": Object {
            "children": Array [
              <div>
                <p
                  className="title"
                  onClick={[Function]}
                />
                <p
                  className="genre"
                >
                  genre1
                </p>
              </div>,
              <p
                className="year"
              >
                2017
              </p>,
            ],
            "className": "asset-info",
          },
          "ref": null,
          "rendered": Array [
            Object {
              "instance": null,
              "key": undefined,
              "nodeType": "host",
              "props": Object {
                "children": Array [
                  <p
                    className="title"
                    onClick={[Function]}
                  />,
                  <p
                    className="genre"
                  >
                    genre1
                  </p>,
                ],
              },
              "ref": null,
              "rendered": Array [
                Object {
                  "instance": null,
                  "key": undefined,
                  "nodeType": "host",
                  "props": Object {
                    "children": undefined,
                    "className": "title",
                    "onClick": [Function],
                  },
                  "ref": null,
                  "rendered": null,
                  "type": "p",
                },
                Object {
                  "instance": null,
                  "key": undefined,
                  "nodeType": "host",
                  "props": Object {
                    "children": "genre1",
                    "className": "genre",
                  },
                  "ref": null,
                  "rendered": "genre1",
                  "type": "p",
                },
              ],
              "type": "div",
            },
            Object {
              "instance": null,
              "key": undefined,
              "nodeType": "host",
              "props": Object {
                "children": 2017,
                "className": "year",
              },
              "ref": null,
              "rendered": 2017,
              "type": "p",
            },
          ],
          "type": "div",
        },
      ],
      "type": "div",
    },
  ],
  Symbol(enzyme.__options__): Object {
    "adapter": ReactSixteenAdapter {
      "options": Object {
        "enableComponentDidUpdateOnSetState": true,
      },
    },
  },
}
`;

exports[`<AssetTile /> should render AssetTile and match snapshot 1`] = `
ShallowWrapper {
  "length": 1,
  Symbol(enzyme.__root__): [Circular],
  Symbol(enzyme.__unrendered__): <AssetTile
    asset={
      Object {
        "genres": Array [
          "genre1",
          "genre2",
        ],
        "poster_path": "poster_path",
        "release_date": "2017-06-06",
      }
    }
    showMovieDetails={[Function]}
    store={
      Object {
        "clearActions": [Function],
        "dispatch": [Function],
        "getActions": [Function],
        "getState": [Function],
        "replaceReducer": [Function],
        "subscribe": [Function],
      }
    }
  />,
  Symbol(enzyme.__renderer__): Object {
    "batchedUpdates": [Function],
    "getNode": [Function],
    "render": [Function],
    "simulateEvent": [Function],
    "unmount": [Function],
  },
  Symbol(enzyme.__node__): Object {
    "instance": null,
    "key": undefined,
    "nodeType": "host",
    "props": Object {
      "children": Array [
        <Poster
          imgUrl="poster_path"
          posterSize="poster-medium"
        />,
        <div
          className="asset-info"
        >
          <div>
            <p
              className="title"
              onClick={[Function]}
            />
            <p
              className="genre"
            >
              genre1
            </p>
          </div>
          <p
            className="year"
          >
            2017
          </p>
        </div>,
      ],
      "className": "asset-tile",
    },
    "ref": null,
    "rendered": Array [
      Object {
        "instance": null,
        "key": undefined,
        "nodeType": "function",
        "props": Object {
          "imgUrl": "poster_path",
          "posterSize": "poster-medium",
        },
        "ref": null,
        "rendered": null,
        "type": [Function],
      },
      Object {
        "instance": null,
        "key": undefined,
        "nodeType": "host",
        "props": Object {
          "children": Array [
            <div>
              <p
                className="title"
                onClick={[Function]}
              />
              <p
                className="genre"
              >
                genre1
              </p>
            </div>,
            <p
              className="year"
            >
              2017
            </p>,
          ],
          "className": "asset-info",
        },
        "ref": null,
        "rendered": Array [
          Object {
            "instance": null,
            "key": undefined,
            "nodeType": "host",
            "props": Object {
              "children": Array [
                <p
                  className="title"
                  onClick={[Function]}
                />,
                <p
                  className="genre"
                >
                  genre1
                </p>,
              ],
            },
            "ref": null,
            "rendered": Array [
              Object {
                "instance": null,
                "key": undefined,
                "nodeType": "host",
                "props": Object {
                  "children": undefined,
                  "className": "title",
                  "onClick": [Function],
                },
                "ref": null,
                "rendered": null,
                "type": "p",
              },
              Object {
                "instance": null,
                "key": undefined,
                "nodeType": "host",
                "props": Object {
                  "children": "genre1",
                  "className": "genre",
                },
                "ref": null,
                "rendered": "genre1",
                "type": "p",
              },
            ],
            "type": "div",
          },
          Object {
            "instance": null,
            "key": undefined,
            "nodeType": "host",
            "props": Object {
              "children": 2017,
              "className": "year",
            },
            "ref": null,
            "rendered": 2017,
            "type": "p",
          },
        ],
        "type": "div",
      },
    ],
    "type": "div",
  },
  Symbol(enzyme.__nodes__): Array [
    Object {
      "instance": null,
      "key": undefined,
      "nodeType": "host",
      "props": Object {
        "children": Array [
          <Poster
            imgUrl="poster_path"
            posterSize="poster-medium"
          />,
          <div
            className="asset-info"
          >
            <div>
              <p
                className="title"
                onClick={[Function]}
              />
              <p
                className="genre"
              >
                genre1
              </p>
            </div>
            <p
              className="year"
            >
              2017
            </p>
          </div>,
        ],
        "className": "asset-tile",
      },
      "ref": null,
      "rendered": Array [
        Object {
          "instance": null,
          "key": undefined,
          "nodeType": "function",
          "props": Object {
            "imgUrl": "poster_path",
            "posterSize": "poster-medium",
          },
          "ref": null,
          "rendered": null,
          "type": [Function],
        },
        Object {
          "instance": null,
          "key": undefined,
          "nodeType": "host",
          "props": Object {
            "children": Array [
              <div>
                <p
                  className="title"
                  onClick={[Function]}
                />
                <p
                  className="genre"
                >
                  genre1
                </p>
              </div>,
              <p
                className="year"
              >
                2017
              </p>,
            ],
            "className": "asset-info",
          },
          "ref": null,
          "rendered": Array [
            Object {
              "instance": null,
              "key": undefined,
              "nodeType": "host",
              "props": Object {
                "children": Array [
                  <p
                    className="title"
                    onClick={[Function]}
                  />,
                  <p
                    className="genre"
                  >
                    genre1
                  </p>,
                ],
              },
              "ref": null,
              "rendered": Array [
                Object {
                  "instance": null,
                  "key": undefined,
                  "nodeType": "host",
                  "props": Object {
                    "children": undefined,
                    "className": "title",
                    "onClick": [Function],
                  },
                  "ref": null,
                  "rendered": null,
                  "type": "p",
                },
                Object {
                  "instance": null,
                  "key": undefined,
                  "nodeType": "host",
                  "props": Object {
                    "children": "genre1",
                    "className": "genre",
                  },
                  "ref": null,
                  "rendered": "genre1",
                  "type": "p",
                },
              ],
              "type": "div",
            },
            Object {
              "instance": null,
              "key": undefined,
              "nodeType": "host",
              "props": Object {
                "children": 2017,
                "className": "year",
              },
              "ref": null,
              "rendered": 2017,
              "type": "p",
            },
          ],
          "type": "div",
        },
      ],
      "type": "div",
    },
  ],
  Symbol(enzyme.__options__): Object {
    "adapter": ReactSixteenAdapter {
      "options": Object {
        "enableComponentDidUpdateOnSetState": true,
      },
    },
  },
}
`;
